// Jest Snapshot v1, https://goo.gl/fbAQLP

exports[`match snapshot 1`] = `
<DocumentFragment>
  <div
    class="sc-beqWaB ilIZta"
  >
    Title
  </div>
</DocumentFragment>
`;
